[thecanvasnursery.com/index.html]
[backblue.gif]
[fade.gif]
[index.html]
[thecanvasnursery.com/wp-content/themes/canvasnursery/style.css]
[thecanvasnursery.com/wp-content/themes/canvasnursery/fonts/css/allc197.css]
[thecanvasnursery.com/feed/index.html]
[thecanvasnursery.com/wp-content/themes/canvasnursery/css/animationsc197.css]
[thecanvasnursery.com/wp-content/themes/canvasnursery/css/jquery.fancyboxc197.css]
[thecanvasnursery.com/wp-content/themes/canvasnursery/lightgallery/css/lightgalleryc197.css]
[thecanvasnursery.com/wp-content/themes/canvasnursery/css/responsivec197.css]
[thecanvasnursery.com/wp-content/plugins/contact-form-7/includes/css/stylesfc7a.css]
[thecanvasnursery.com/wp-content/plugins/cookie-law-info/legacy/public/css/cookie-law-info-public9b70.css]
[thecanvasnursery.com/wp-content/plugins/cookie-law-info/legacy/public/css/cookie-law-info-gdpr9b70.css]
[thecanvasnursery.com/wp-content/plugins/wpcf7-redirect/build/assets/frontend-script413f.css]
[ajax.googleapis.com/ajax/libs/jquery/1.11.1/jquery.min.js]
[thecanvasnursery.com/wp-content/plugins/cookie-law-info/legacy/public/js/cookie-law-info-public9b70.js]
[thecanvasnursery.com/xmlrpc0db0.php]
[thecanvasnursery.com/wp-json/oembed/1.0/embed9eeb.json]
[thecanvasnursery.com/wp-json/oembed/1.0/embedb9b6]
[thecanvasnursery.com/wp-content/uploads/2025/04/palm-icon-150x150.png]
[thecanvasnursery.com/wp-content/uploads/2025/04/palm-icon-300x300.png]
[thecanvasnursery.com/wp-content/uploads/2025/03/canvas-nursery-logo.svg]
[thecanvasnursery.com/wp-json/index.html]
[thecanvasnursery.com/wp-content/uploads/2025/03/canvas-nursery-logo-white-footer.svg]
[thecanvasnursery.com/contact/index.html]
[thecanvasnursery.com/wp-content/uploads/2025/02/bg.jpg]
[thecanvasnursery.com/register/index.html]
[thecanvasnursery.com/wp-content/themes/canvasnursery/images/placeholder.png]
[thecanvasnursery.com/products/index.html]
[thecanvasnursery.com/wp-content/uploads/2025/03/IMG_7489.jpg]
[thecanvasnursery.com/wp-content/uploads/2025/03/IMG_3365.jpg]
[thecanvasnursery.com/wp-content/uploads/2025/03/IMG_3369.jpg]
[thecanvasnursery.com/wp-content/uploads/2025/03/IMG_3366.jpg]
[thecanvasnursery.com/wp-content/uploads/2025/03/IMG_3368.jpg]
[thecanvasnursery.com/wp-content/uploads/2025/03/IMG_3373.jpg]
[thecanvasnursery.com/wp-content/uploads/2025/03/IMG_7485.jpg]
[thecanvasnursery.com/wp-content/uploads/2025/03/IMG_7486.jpg]
[thecanvasnursery.com/wp-content/uploads/2025/03/IMG_7487.jpg]
[thecanvasnursery.com/wp-content/uploads/2025/03/IMG_7488.jpg]
[thecanvasnursery.com/wp-content/uploads/2025/03/NCSF24-HW-8846-2.jpg]
[thecanvasnursery.com/wp-content/themes/canvasnursery/images/placeholder1.png]
[thecanvasnursery.com/wp-content/uploads/2025/10/Bromeliad-Flower-SQ4_8686.jpg]
[thecanvasnursery.com/wp-content/uploads/2025/03/Bird-of-Paradise-SQ4_9063.webp]
[thecanvasnursery.com/wp-content/uploads/2025/03/Anthurium-SQ4_9044.webp]
[thecanvasnursery.com/wp-content/uploads/2025/03/Buri-Leaf-SQ4_9057.webp]
[thecanvasnursery.com/wp-content/uploads/2025/03/Heliconia-SQ4_9046.webp]
[thecanvasnursery.com/wp-content/uploads/2025/03/Philodendron-Leaf-SQ4_9060.webp]
[thecanvasnursery.com/wp-content/uploads/2025/03/Pineapple-Stems-SQ4_9066.webp]
[thecanvasnursery.com/wp-content/uploads/2025/03/Torch-Ginger-SQ4_9039.webp]
[thecanvasnursery.com/wp-content/uploads/2025/03/Banana-Leaf-SQ4_9055.webp]
[thecanvasnursery.com/wp-content/uploads/2025/04/green-leaf.jpg]
[thecanvasnursery.com/wp-content/uploads/2025/10/3FT-Above-SQ4_8682.jpg]
[thecanvasnursery.com/wp-content/uploads/2025/10/2FT-Maguey-SQ4_8640.jpg]
[thecanvasnursery.com/wp-content/uploads/2025/10/2FT-Candelabrum-SQ4_8668.jpg]
[thecanvasnursery.com/wp-content/uploads/2025/10/3FT-Coontie-SQ4_8655.jpg]
[thecanvasnursery.com/wp-content/uploads/2025/03/2FT-Bromeliad-SQ4_8658.jpg]
[thecanvasnursery.com/wp-content/uploads/2025/03/2ft-Chinese-SQ4_8969.webp]
[thecanvasnursery.com/wp-content/uploads/2025/03/2FT-Yucca-SQ4_8652.jpg]
[thecanvasnursery.com/wp-content/uploads/2025/03/2ft-Manila-SQ4_9019.webp]
[thecanvasnursery.com/wp-content/uploads/2025/03/2-Foot-Parrot-SQ4_8874.webp]
[thecanvasnursery.com/wp-content/uploads/2025/03/2ft-Philodendron-SQ4_9030-1.webp]
[thecanvasnursery.com/wp-content/uploads/2025/03/2-Foot-Phoenix-SQ4_8894.webp]
[thecanvasnursery.com/wp-content/uploads/2025/03/2ft-Ponytail-SQ4_8904.webp]
[thecanvasnursery.com/wp-content/uploads/2025/03/2-Foot-Yucca-Head-SQ4_8867.webp]
[thecanvasnursery.com/wp-content/uploads/2025/03/2ft-Yucca-Tree-SQ4_8898.webp]
[thecanvasnursery.com/wp-content/uploads/2025/03/3FT-Banana-Cluster-SQ4_8650.jpg]
[thecanvasnursery.com/wp-content/uploads/2025/03/3-foot-Buri-SQ4_8880.webp]
[thecanvasnursery.com/wp-content/uploads/2025/03/3ft-Coconut-SQ4_8886.webp]
[thecanvasnursery.com/wp-content/uploads/2025/10/7FT-Multi-Dracena-SQ4_8678-1.jpg]
[thecanvasnursery.com/wp-content/uploads/2025/10/7FT-Buddha-Palm-SQ4_8674-Edit.jpg]
[thecanvasnursery.com/wp-content/uploads/2025/03/7ft-Bamboo-Palm-SQ4_8938.webp]
[thecanvasnursery.com/wp-content/uploads/2025/03/9ft-Banana-SQ4_9008.webp]
[thecanvasnursery.com/wp-content/uploads/2025/03/7ft-Buri-Palm-SQ4_8946.webp]
[thecanvasnursery.com/wp-content/uploads/2025/03/7ft-Chinese-SQ4_8932.webp]
[thecanvasnursery.com/wp-content/uploads/2025/03/5ft-Coconut-Tree-SQ4_8942.webp]
[thecanvasnursery.com/wp-content/uploads/2025/03/9ft-Feather-SQ4_8975.webp]
[thecanvasnursery.com/wp-content/uploads/2025/03/7ft-Gaint-Bird-of-Paradise-SQ4_8960.webp]
[thecanvasnursery.com/wp-content/uploads/2025/03/7ft-Ginko-SQ4_8957.webp]
[thecanvasnursery.com/wp-content/uploads/2025/03/7ft-Hawaiian-SQ4_8929.webp]
[thecanvasnursery.com/wp-content/uploads/2025/03/5ft-Hokkaido-SQ4_8922.webp]
[thecanvasnursery.com/wp-content/uploads/2025/03/9ft-Manila-SQ4_8988.webp]
[thecanvasnursery.com/wp-content/uploads/2025/03/5ft-Parrot-SQ4_8925.webp]
[thecanvasnursery.com/wp-content/uploads/2025/03/2ft-Philodendron-SQ4_9030.webp]
[thecanvasnursery.com/wp-content/uploads/2025/03/7ft-Ponytail-SQ4_8935.webp]
[thecanvasnursery.com/wp-content/uploads/2025/03/8ft-Red-Palm-SQ4_8949.webp]
[thecanvasnursery.com/wp-content/uploads/2025/03/9ft-Royal-Palm-9ft-SQ4_8954.webp]
[thecanvasnursery.com/wp-content/uploads/2025/03/5ft-Travelers-SQ4_8972.webp]
[thecanvasnursery.com/wp-content/uploads/2025/03/9ft-Yucca-Cluster-SQ4_8991.webp]
[thecanvasnursery.com/wp-content/uploads/2025/03/9ft-Yucca-SQ4_8980.webp]
[thecanvasnursery.com/accessibility/index.html]
[thecanvasnursery.com/privacy-policy/index.html]
[cdn.userway.org/widget.js]
[thecanvasnursery.com/wp-content/plugins/cookie-law-info/legacy/public/css/cookie-law-info-table9b70.css]
[thecanvasnursery.com/wp-content/themes/canvasnursery/lightgallery/js/lightgalleryc197.js]
[thecanvasnursery.com/wp-content/themes/canvasnursery/lightgallery/js/lg-fullscreen.minc197.js]
[thecanvasnursery.com/wp-content/themes/canvasnursery/lightgallery/js/lg-zoomc197.js]
[thecanvasnursery.com/wp-content/themes/canvasnursery/lightgallery/js/lg-thumbnail.minc197.js]
[thecanvasnursery.com/wp-content/themes/canvasnursery/lightgallery/js/lg-video.minc197.js]
[thecanvasnursery.com/wp-content/themes/canvasnursery/js/jquery.fancybox.minc197.js]
[thecanvasnursery.com/wp-content/themes/canvasnursery/js/css3-animate-itc197.js]
[thecanvasnursery.com/wp-content/themes/canvasnursery/js/slick.minc197.js]
[thecanvasnursery.com/wp-content/themes/canvasnursery/js/customc197.js]
[thecanvasnursery.com/wp-includes/js/dist/hooks.min4fdd.js]
[thecanvasnursery.com/wp-includes/js/dist/i18n.minc33c.js]
[thecanvasnursery.com/wp-content/plugins/contact-form-7/includes/swv/js/indexfc7a.js]
[thecanvasnursery.com/wp-content/plugins/contact-form-7/includes/js/indexfc7a.js]
[thecanvasnursery.com/wp-content/plugins/wpcf7-redirect/build/assets/frontend-script413f.js]
[www.google.com/recaptcha/apide8b.js]
[thecanvasnursery.com/wp-includes/js/dist/vendor/wp-polyfill.min2c7c.js]
[thecanvasnursery.com/index.html]
[thecanvasnursery.com/wp-content/plugins/contact-form-7/modules/recaptcha/indexfc7a.js]
[thecanvasnursery.com/wp-content/themes/canvasnursery/fonts/optima-lt-std-medium-webfont.woff2]
[thecanvasnursery.com/wp-content/themes/canvasnursery/fonts/optima-lt-std-medium-webfont.woff]
[thecanvasnursery.com/wp-content/themes/canvasnursery/fonts/avenir-book-webfont.woff2]
[thecanvasnursery.com/wp-content/themes/canvasnursery/fonts/avenir-book-webfont.woff]
[thecanvasnursery.com/wp-content/themes/canvasnursery/fonts/avenir-medium-webfont.woff2]
[thecanvasnursery.com/wp-content/themes/canvasnursery/fonts/avenir-medium-webfont.woff]
[thecanvasnursery.com/wp-content/themes/canvasnursery/fonts/avenir-roman-webfont.woff2]
[thecanvasnursery.com/wp-content/themes/canvasnursery/fonts/avenir-roman-webfont.woff]
[thecanvasnursery.com/wp-content/themes/canvasnursery/fonts/avenir-black-webfont.woff2]
[thecanvasnursery.com/wp-content/themes/canvasnursery/fonts/avenir-black-webfont.woff]
[thecanvasnursery.com/wp-content/themes/canvasnursery/images/arrow.png]
[thecanvasnursery.com/wp-content/themes/canvasnursery/images/arrow-color.png]
[thecanvasnursery.com/wp-content/themes/canvasnursery/images/prev-arrow.png]
[thecanvasnursery.com/wp-content/themes/canvasnursery/images/tel-icon.png]
[thecanvasnursery.com/wp-content/themes/canvasnursery/images/arrow2.png]
[thecanvasnursery.com/wp-content/themes/canvasnursery/style.css]
[thecanvasnursery.com/wp-content/themes/canvasnursery/images/paperclip-solid.svg]
[thecanvasnursery.com/wp-content/themes/canvasnursery/fonts/webfonts/fa-brands-400.woff2]
[thecanvasnursery.com/wp-content/themes/canvasnursery/fonts/webfonts/fa-brands-400.ttf]
[thecanvasnursery.com/wp-content/themes/canvasnursery/fonts/webfonts/fa-regular-400.woff2]
[thecanvasnursery.com/wp-content/themes/canvasnursery/fonts/webfonts/fa-regular-400.ttf]
[thecanvasnursery.com/wp-content/themes/canvasnursery/fonts/webfonts/fa-solid-900.woff2]
[thecanvasnursery.com/wp-content/themes/canvasnursery/fonts/webfonts/fa-solid-900.ttf]
[thecanvasnursery.com/wp-content/themes/canvasnursery/fonts/webfonts/fa-v4compatibility.woff2]
[thecanvasnursery.com/wp-content/themes/canvasnursery/fonts/webfonts/fa-v4compatibility.ttf]
[thecanvasnursery.com/wp-content/themes/canvasnursery/fonts/css/allc197.css]
[thecanvasnursery.com/wp-content/themes/canvasnursery/css/animationsc197.css]
[thecanvasnursery.com/wp-content/themes/canvasnursery/css/jquery.fancyboxc197.css]
[thecanvasnursery.com/wp-content/themes/canvasnursery/lightgallery/fonts/lgd641.eot]
[thecanvasnursery.com/wp-content/themes/canvasnursery/lightgallery/fonts/lgd41d.eot]
[thecanvasnursery.com/wp-content/themes/canvasnursery/lightgallery/fonts/lgd641.woff]
[thecanvasnursery.com/wp-content/themes/canvasnursery/lightgallery/fonts/lgd641.ttf]
[thecanvasnursery.com/wp-content/themes/canvasnursery/lightgallery/fonts/lgd641.svg]
[thecanvasnursery.com/wp-content/themes/canvasnursery/lightgallery/img/vimeo-play.png]
[thecanvasnursery.com/wp-content/themes/canvasnursery/lightgallery/img/video-play.png]
[thecanvasnursery.com/wp-content/themes/canvasnursery/lightgallery/img/youtube-play.png]
[thecanvasnursery.com/wp-content/themes/canvasnursery/lightgallery/css/lightgalleryc197.css]
[thecanvasnursery.com/wp-content/themes/canvasnursery/css/responsivec197.css]
[thecanvasnursery.com/wp-content/plugins/contact-form-7/includes/css/stylesfc7a.css]
[thecanvasnursery.com/wp-content/plugins/cookie-law-info/legacy/public/css/cookie-law-info-public9b70.css]
[thecanvasnursery.com/wp-content/plugins/cookie-law-info/legacy/public/css/cookie-law-info-gdpr9b70.css]
[thecanvasnursery.com/wp-content/plugins/wpcf7-redirect/build/assets/frontend-script413f.css]
[thecanvasnursery.com/wp-json/wp/v2/pages/8.json]
[thecanvasnursery.com/xmlrpc0db0.html]
[thecanvasnursery.com/wp-json/oembed/1.0/embed9b4c.json]
[thecanvasnursery.com/wp-json/oembed/1.0/embed3dc3]
[thecanvasnursery.com/wp-content/uploads/2025/02/hero.jpg]
[thecanvasnursery.com/contact/index.html]
[thecanvasnursery.com/wp-json/oembed/1.0/embed20d2.json]
[thecanvasnursery.com/products/index.html]
[thecanvasnursery.com/wp-content/uploads/2025/03/canvas-nursery-logo.svg]
[thecanvasnursery.com/wp-json/oembed/1.0/embed04f1]
[thecanvasnursery.com/wp-json/oembed/1.0/embed1b6c.json]
[thecanvasnursery.com/register/index.html]
[thecanvasnursery.com/wp-content/uploads/2025/03/canvas-nursery-logo-white-footer.svg]
[thecanvasnursery.com/wp-json/oembed/1.0/embed6984]
[thecanvasnursery.com/wp-json/oembed/1.0/embedc14c.json]
[thecanvasnursery.com/accessibility/index.html]
[thecanvasnursery.com/wp-json/oembed/1.0/embed8533]
[thecanvasnursery.com/wp-json/oembed/1.0/embed6ed0.json]
[thecanvasnursery.com/privacy-policy/index.html]
[thecanvasnursery.com/wp-json/oembed/1.0/embedb4c6]
[thecanvasnursery.com/wp-content/plugins/cookie-law-info/legacy/images/td_back.gif]
[thecanvasnursery.com/wp-content/plugins/cookie-law-info/legacy/public/css/cookie-law-info-table9b70.css]
[thecanvasnursery.com/wp-content/themes/canvasnursery/images/paperclip-solid.svg]
[thecanvasnursery.com/wp-content/themes/canvasnursery/lightgallery/fonts/lgd641.svg]
[thecanvasnursery.com/wp-json/wp/v2/pages/83.json]
[thecanvasnursery.com/index55e4.html]
[thecanvasnursery.com/wp-json/wp/v2/pages/105.json]
[thecanvasnursery.com/indexea0f.html]
[thecanvasnursery.com/wp-json/wp/v2/pages/84.json]
[thecanvasnursery.com/index735a.html]
[thecanvasnursery.com/wp-json/wp/v2/pages/99.json]
[thecanvasnursery.com/index5401.html]
[thecanvasnursery.com/wp-json/wp/v2/pages/100.json]
[thecanvasnursery.com/index3f5a.html]
